4.531511956430857579e-01
1.177579898401856617e+00
1.835156937740130445e+00
2.388320285207982785e+00
2.849538375562175929e+00
3.236333362768086808e+00
3.538059570938379750e+00
