-1.401991253293900730e+00
-1.401991253293897399e+00
-1.095385784799315587e+00
-1.095385784799311368e+00
-7.929280059227584720e-01
-7.929280059227569177e-01
-4.949067444949779571e-01
-4.949067444949729611e-01
-2.016663581375942593e-01
-2.016663581374209535e-01
