-1.144707411875643954e+00
-1.144707411875620640e+00
-4.981089758559743563e-01
-4.981089757550584696e-01
4.300996255149763109e-02
4.301001868521062144e-02
5.304069717464114930e-01
5.304155630941864707e-01
9.804779960377532078e-01
9.809466256933165873e-01
1.395838927185615752e+00
1.406059271940352851e+00
1.748119821848366229e+00
1.830026202120839329e+00
2.089516649660666747e+00
2.293664034953572628e+00
