-8.59278527522983890924650916
-4.62419408632977954890872547
