-8.590696622162608875e+00
-4.616891588252400425e+00
1.704230176491137172e-01
