2.499992171827669640e-01
7.499960859034436877e-01
1.249989823320181603e+00
1.749980429404827786e+00
2.249967904127309737e+00
