0.15421256876702100000
0.61685027506808500000
1.38791311890319000000
2.46740110027234000000
3.85531421917553000000
