1.539042661960382252e-01
6.156166850468168805e-01
1.385136117318752857e+00
2.462460664285189615e+00
3.847587667784495125e+00
